Archive member included to satisfy reference by file (symbol)

c:/program files/microchip/xc8/v2.36/avr/bin/../lib/gcc/avr/5.4.0/avr5/memx-const\libgcc.a(_copy_data.o)
                              main.o (__do_copy_data)
c:/program files/microchip/xc8/v2.36/avr/bin/../lib/gcc/avr/5.4.0/../../../../avr/lib/avr5/memx-const\libc.a(exit.o)
                              C:/Program Files (x86)/Atmel/Studio/7.0/Packs/atmel/ATmega_DFP/1.7.374/xc8/avr/lib/avr5/memx-const/crtatmega328p.o (exit)
c:/program files/microchip/xc8/v2.36/avr/bin/../lib/gcc/avr/5.4.0/../../../../avr/lib/avr5/memx-const\libc.a(_Exit.o)
                              c:/program files/microchip/xc8/v2.36/avr/bin/../lib/gcc/avr/5.4.0/../../../../avr/lib/avr5/memx-const\libc.a(exit.o) (_Exit)
c:/program files/microchip/xc8/v2.36/avr/bin/../lib/gcc/avr/5.4.0/avr5/memx-const\libgcc.a(_exit.o)
                              c:/program files/microchip/xc8/v2.36/avr/bin/../lib/gcc/avr/5.4.0/../../../../avr/lib/avr5/memx-const\libc.a(_Exit.o) (_exit)

Allocating common symbols
Common symbol       size              file

byte                0x1               main.o
key_pressed         0x1               main.o
index               0x1               main.o
ID_Card             0x1               main.o
str                 0x10              main.o
Key                 0x5               main.o

Discarded input sections

 .data          0x0000000000000000        0x0 C:/Program Files (x86)/Atmel/Studio/7.0/Packs/atmel/ATmega_DFP/1.7.374/xc8/avr/lib/avr5/memx-const/crtatmega328p.o
 .bss           0x0000000000000000        0x0 C:/Program Files (x86)/Atmel/Studio/7.0/Packs/atmel/ATmega_DFP/1.7.374/xc8/avr/lib/avr5/memx-const/crtatmega328p.o
 .text          0x0000000000000000        0x0 main.o
 .data          0x0000000000000000        0x0 main.o
 .bss           0x0000000000000000        0x0 main.o
 .text.TWI_Read_block
                0x0000000000000000       0x44 main.o
 .text.LCD_Char
                0x0000000000000000       0x2c main.o
 .text.DEC2BCD  0x0000000000000000       0x32 main.o
 .text.Uart_byte
                0x0000000000000000        0xe main.o
 .data.KeyMatrix
                0x0000000000000000        0xc main.o
 .data.PASSWORD
                0x0000000000000000        0x5 main.o
 .data.RFID_Red
                0x0000000000000000        0x4 main.o
 .text          0x0000000000000000        0x0 c:/program files/microchip/xc8/v2.36/avr/bin/../lib/gcc/avr/5.4.0/avr5/memx-const\libgcc.a(_copy_data.o)
 .data          0x0000000000000000        0x0 c:/program files/microchip/xc8/v2.36/avr/bin/../lib/gcc/avr/5.4.0/avr5/memx-const\libgcc.a(_copy_data.o)
 .bss           0x0000000000000000        0x0 c:/program files/microchip/xc8/v2.36/avr/bin/../lib/gcc/avr/5.4.0/avr5/memx-const\libgcc.a(_copy_data.o)
 .text.libgcc.mul
                0x0000000000000000        0x0 c:/program files/microchip/xc8/v2.36/avr/bin/../lib/gcc/avr/5.4.0/avr5/memx-const\libgcc.a(_copy_data.o)
 .text.libgcc.div
                0x0000000000000000        0x0 c:/program files/microchip/xc8/v2.36/avr/bin/../lib/gcc/avr/5.4.0/avr5/memx-const\libgcc.a(_copy_data.o)
 .text.libgcc   0x0000000000000000        0x0 c:/program files/microchip/xc8/v2.36/avr/bin/../lib/gcc/avr/5.4.0/avr5/memx-const\libgcc.a(_copy_data.o)
 .text.libgcc.prologue
                0x0000000000000000        0x0 c:/program files/microchip/xc8/v2.36/avr/bin/../lib/gcc/avr/5.4.0/avr5/memx-const\libgcc.a(_copy_data.o)
 .text.libgcc.builtins
                0x0000000000000000        0x0 c:/program files/microchip/xc8/v2.36/avr/bin/../lib/gcc/avr/5.4.0/avr5/memx-const\libgcc.a(_copy_data.o)
 .text.libgcc.fmul
                0x0000000000000000        0x0 c:/program files/microchip/xc8/v2.36/avr/bin/../lib/gcc/avr/5.4.0/avr5/memx-const\libgcc.a(_copy_data.o)
 .text.libgcc.fixed
                0x0000000000000000        0x0 c:/program files/microchip/xc8/v2.36/avr/bin/../lib/gcc/avr/5.4.0/avr5/memx-const\libgcc.a(_copy_data.o)
 .text          0x0000000000000000        0x0 c:/program files/microchip/xc8/v2.36/avr/bin/../lib/gcc/avr/5.4.0/../../../../avr/lib/avr5/memx-const\libc.a(exit.o)
 .data          0x0000000000000000        0x0 c:/program files/microchip/xc8/v2.36/avr/bin/../lib/gcc/avr/5.4.0/../../../../avr/lib/avr5/memx-const\libc.a(exit.o)
 .bss           0x0000000000000000        0x0 c:/program files/microchip/xc8/v2.36/avr/bin/../lib/gcc/avr/5.4.0/../../../../avr/lib/avr5/memx-const\libc.a(exit.o)
 .text          0x0000000000000000        0x0 c:/program files/microchip/xc8/v2.36/avr/bin/../lib/gcc/avr/5.4.0/../../../../avr/lib/avr5/memx-const\libc.a(_Exit.o)
 .data          0x0000000000000000        0x0 c:/program files/microchip/xc8/v2.36/avr/bin/../lib/gcc/avr/5.4.0/../../../../avr/lib/avr5/memx-const\libc.a(_Exit.o)
 .bss           0x0000000000000000        0x0 c:/program files/microchip/xc8/v2.36/avr/bin/../lib/gcc/avr/5.4.0/../../../../avr/lib/avr5/memx-const\libc.a(_Exit.o)
 .text          0x0000000000000000        0x0 c:/program files/microchip/xc8/v2.36/avr/bin/../lib/gcc/avr/5.4.0/avr5/memx-const\libgcc.a(_exit.o)
 .data          0x0000000000000000        0x0 c:/program files/microchip/xc8/v2.36/avr/bin/../lib/gcc/avr/5.4.0/avr5/memx-const\libgcc.a(_exit.o)
 .bss           0x0000000000000000        0x0 c:/program files/microchip/xc8/v2.36/avr/bin/../lib/gcc/avr/5.4.0/avr5/memx-const\libgcc.a(_exit.o)
 .text.libgcc.mul
                0x0000000000000000        0x0 c:/program files/microchip/xc8/v2.36/avr/bin/../lib/gcc/avr/5.4.0/avr5/memx-const\libgcc.a(_exit.o)
 .text.libgcc.div
                0x0000000000000000        0x0 c:/program files/microchip/xc8/v2.36/avr/bin/../lib/gcc/avr/5.4.0/avr5/memx-const\libgcc.a(_exit.o)
 .text.libgcc   0x0000000000000000        0x0 c:/program files/microchip/xc8/v2.36/avr/bin/../lib/gcc/avr/5.4.0/avr5/memx-const\libgcc.a(_exit.o)
 .text.libgcc.prologue
                0x0000000000000000        0x0 c:/program files/microchip/xc8/v2.36/avr/bin/../lib/gcc/avr/5.4.0/avr5/memx-const\libgcc.a(_exit.o)
 .stack.descriptors
                0x0000000000000000       0x13 c:/program files/microchip/xc8/v2.36/avr/bin/../lib/gcc/avr/5.4.0/avr5/memx-const\libgcc.a(_exit.o)
 .text.libgcc.builtins
                0x0000000000000000        0x0 c:/program files/microchip/xc8/v2.36/avr/bin/../lib/gcc/avr/5.4.0/avr5/memx-const\libgcc.a(_exit.o)
 .text.libgcc.fmul
                0x0000000000000000        0x0 c:/program files/microchip/xc8/v2.36/avr/bin/../lib/gcc/avr/5.4.0/avr5/memx-const\libgcc.a(_exit.o)
 .text.libgcc.fixed
                0x0000000000000000        0x0 c:/program files/microchip/xc8/v2.36/avr/bin/../lib/gcc/avr/5.4.0/avr5/memx-const\libgcc.a(_exit.o)

Memory Configuration

Name             Origin             Length             Attributes
text             0x0000000000000000 0x0000000000008000 xr
data             0x0000000000800100 0x0000000000000800 rw !x
eeprom           0x0000000000810000 0x0000000000000400 rw !x
fuse             0x0000000000820000 0x0000000000000003 rw !x
lock             0x0000000000830000 0x0000000000000400 rw !x
signature        0x0000000000840000 0x0000000000000400 rw !x
user_signatures  0x0000000000850000 0x0000000000000400 rw !x
*default*        0x0000000000000000 0xffffffffffffffff

Linker script and memory map

Address of section .data set to 0x800100
LOAD C:/Program Files (x86)/Atmel/Studio/7.0/Packs/atmel/ATmega_DFP/1.7.374/xc8/avr/lib/avr5/memx-const/crtatmega328p.o
LOAD main.o
START GROUP
LOAD c:/program files/microchip/xc8/v2.36/avr/bin/../lib/gcc/avr/5.4.0/../../../../avr/lib/avr5/memx-const\libm.a
END GROUP
START GROUP
LOAD c:/program files/microchip/xc8/v2.36/avr/bin/../lib/gcc/avr/5.4.0/avr5/memx-const\libgcc.a
LOAD c:/program files/microchip/xc8/v2.36/avr/bin/../lib/gcc/avr/5.4.0/../../../../avr/lib/avr5/memx-const\libm.a
LOAD c:/program files/microchip/xc8/v2.36/avr/bin/../lib/gcc/avr/5.4.0/../../../../avr/lib/avr5/memx-const\libc.a
LOAD C:/Program Files (x86)/Atmel/Studio/7.0/Packs/atmel/ATmega_DFP/1.7.374/xc8/avr/lib/avr5/memx-const\libatmega328p.a
END GROUP
                0x0000000000000000                __TEXT_REGION_ORIGIN__ = DEFINED (__TEXT_REGION_ORIGIN__)?__TEXT_REGION_ORIGIN__:0x0
                [0x0000000000800100]                __DATA_REGION_ORIGIN__ = DEFINED (__DATA_REGION_ORIGIN__)?__DATA_REGION_ORIGIN__:0x800060
                [0x0000000000008000]                __TEXT_REGION_LENGTH__ = DEFINED (__TEXT_REGION_LENGTH__)?__TEXT_REGION_LENGTH__:0x20000
                [0x0000000000000800]                __DATA_REGION_LENGTH__ = DEFINED (__DATA_REGION_LENGTH__)?__DATA_REGION_LENGTH__:0xffa0
                [0x0000000000000400]                __EEPROM_REGION_LENGTH__ = DEFINED (__EEPROM_REGION_LENGTH__)?__EEPROM_REGION_LENGTH__:0x10000
                [0x0000000000000003]                __FUSE_REGION_LENGTH__ = DEFINED (__FUSE_REGION_LENGTH__)?__FUSE_REGION_LENGTH__:0x400
                0x0000000000000400                __LOCK_REGION_LENGTH__ = DEFINED (__LOCK_REGION_LENGTH__)?__LOCK_REGION_LENGTH__:0x400
                0x0000000000000400                __SIGNATURE_REGION_LENGTH__ = DEFINED (__SIGNATURE_REGION_LENGTH__)?__SIGNATURE_REGION_LENGTH__:0x400
                0x0000000000000400                __USER_SIGNATURE_REGION_LENGTH__ = DEFINED (__USER_SIGNATURE_REGION_LENGTH__)?__USER_SIGNATURE_REGION_LENGTH__:0x400

.hash
 *(.hash)

.dynsym
 *(.dynsym)

.dynstr
 *(.dynstr)

.gnu.version
 *(.gnu.version)

.gnu.version_d
 *(.gnu.version_d)

.gnu.version_r
 *(.gnu.version_r)

.rel.init
 *(.rel.init)

.rela.init
 *(.rela.init)

.rel.text
 *(.rel.text)
 *(.rel.text.*)
 *(.rel.gnu.linkonce.t*)

.rela.text
 *(.rela.text)
 *(.rela.text.*)
 *(.rela.gnu.linkonce.t*)

.rel.fini
 *(.rel.fini)

.rela.fini
 *(.rela.fini)

.rel.rodata
 *(.rel.rodata)
 *(.rel.rodata.*)
 *(.rel.gnu.linkonce.r*)

.rela.rodata
 *(.rela.rodata)
 *(.rela.rodata.*)
 *(.rela.gnu.linkonce.r*)

.rel.data
 *(.rel.data)
 *(.rel.data.*)
 *(.rel.gnu.linkonce.d*)

.rela.data
 *(.rela.data)
 *(.rela.data.*)
 *(.rela.gnu.linkonce.d*)

.rel.ctors
 *(.rel.ctors)

.rela.ctors
 *(.rela.ctors)

.rel.dtors
 *(.rel.dtors)

.rela.dtors
 *(.rela.dtors)

.rel.got
 *(.rel.got)

.rela.got
 *(.rela.got)

.rel.bss
 *(.rel.bss)

.rela.bss
 *(.rela.bss)

.rel.plt
 *(.rel.plt)

.rela.plt
 *(.rela.plt)

.text           0x0000000000000000       0xce
 *(.vectors)
 .vectors       0x0000000000000000       0x68 C:/Program Files (x86)/Atmel/Studio/7.0/Packs/atmel/ATmega_DFP/1.7.374/xc8/avr/lib/avr5/memx-const/crtatmega328p.o
                0x0000000000000000                __vector_default
                0x0000000000000000                __vectors
 *(.vectors)
 *(.progmem.gcc*)
 *(.dinit)
 .dinit         0x0000000000000068       0x11 data_init
                0x000000000000007a                . = ALIGN (0x2)
 *fill*         0x0000000000000079        0x1 
                0x000000000000007a                __trampolines_start = .
 *(.trampolines)
 .trampolines   0x000000000000007a        0x0 linker stubs
 *(.trampolines*)
                0x000000000000007a                __trampolines_end = .
 *libprintf_flt.a:*(.progmem.data)
 *libc.a:*(.progmem.data)
                0x000000000000007a                . = ALIGN (0x2)
 *(.jumptables)
 *(.jumptables*)
 *(.lowtext)
 *(.lowtext*)
                0x000000000000007a                __ctors_start = .
 *(.ctors)
                0x000000000000007a                __ctors_end = .
                0x000000000000007a                __dtors_start = .
 *(.dtors)
                0x000000000000007a                __dtors_end = .
 SORT(*)(.ctors)
 SORT(*)(.dtors)
 *(.init0)
 .init0         0x000000000000007a        0x0 C:/Program Files (x86)/Atmel/Studio/7.0/Packs/atmel/ATmega_DFP/1.7.374/xc8/avr/lib/avr5/memx-const/crtatmega328p.o
                0x000000000000007a                __init
 *(.init0)
 *(.init1)
 *(.init1)
 *(.init2)
 .init2         0x000000000000007a        0xc C:/Program Files (x86)/Atmel/Studio/7.0/Packs/atmel/ATmega_DFP/1.7.374/xc8/avr/lib/avr5/memx-const/crtatmega328p.o
 *(.init2)
 *(.init3)
 *(.init3)
 *(.init4)
 .init4         0x0000000000000086       0x3c c:/program files/microchip/xc8/v2.36/avr/bin/../lib/gcc/avr/5.4.0/avr5/memx-const\libgcc.a(_copy_data.o)
                0x0000000000000086                __do_copy_data
                0x00000000000000b4                __do_clear_bss
 *(.init4)
 *(.init5)
 *(.init5)
 *(.init6)
 *(.init6)
 *(.init7)
 *(.init7)
 *(.init8)
 *(.init8)
 *(.init9)
 .init9         0x00000000000000c2        0x8 C:/Program Files (x86)/Atmel/Studio/7.0/Packs/atmel/ATmega_DFP/1.7.374/xc8/avr/lib/avr5/memx-const/crtatmega328p.o
 *(.init9)
                0x00000000000000ca                . = ALIGN (0x2)
 *(.fini9)
 .fini9         0x00000000000000ca        0x0 c:/program files/microchip/xc8/v2.36/avr/bin/../lib/gcc/avr/5.4.0/avr5/memx-const\libgcc.a(_exit.o)
                0x00000000000000ca                _exit
 *(.fini9)
 *(.fini8)
 *(.fini8)
 *(.fini7)
 *(.fini7)
 *(.fini6)
 *(.fini6)
 *(.fini5)
 *(.fini5)
 *(.fini4)
 *(.fini4)
 *(.fini3)
 *(.fini3)
 *(.fini2)
 *(.fini2)
 *(.fini1)
 *(.fini1)
 *(.fini0)
 .fini0         0x00000000000000ca        0x4 c:/program files/microchip/xc8/v2.36/avr/bin/../lib/gcc/avr/5.4.0/avr5/memx-const\libgcc.a(_exit.o)
 *(.fini0)
                0x00000000000000ce                _etext = .

.data           0x0000000000800100        0x0 load address 0x00000000000000ce
                [!provide]                        PROVIDE (__data_start, .)
 *(.gnu.linkonce.d*)
 *(.gnu.linkonce.r*)
                0x0000000000800100                . = ALIGN (0x2)
                0x0000000000800100                _edata = .
                [!provide]                        PROVIDE (__data_end, .)

.bss            0x0000000000800100       0x19
                [!provide]                        PROVIDE (__bss_start, .)
 *(COMMON)
 COMMON         0x0000000000800100       0x19 main.o
                0x0000000000800100                byte
                0x0000000000800101                key_pressed
                0x0000000000800102                index
                0x0000000000800103                ID_Card
                0x0000000000800104                str
                0x0000000000800114                Key
                [!provide]                        PROVIDE (__bss_end, .)
                0x00000000000000ce                __data_load_start = LOADADDR (.data)
                0x00000000000000ce                __data_load_end = (__data_load_start + SIZEOF (.data))

.noinit         0x0000000000800119        0x0
                [!provide]                        PROVIDE (__noinit_start, .)
 *(.noinit*)
                [!provide]                        PROVIDE (__noinit_end, .)
                0x0000000000800119                _end = .

.eeprom         0x0000000000810000        0x0
 *(.eeprom*)
                0x0000000000810000                __eeprom_end = .

.fuse
 *(.fuse)
 *(.lfuse)
 *(.hfuse)
 *(.efuse)

.lock
 *(.lock*)

.signature
 *(.signature*)

.user_signatures
 *(.user_signatures*)

.stab
 *(.stab)

.stabstr
 *(.stabstr)

.stab.excl
 *(.stab.excl)

.stab.exclstr
 *(.stab.exclstr)

.stab.index
 *(.stab.index)

.stab.indexstr
 *(.stab.indexstr)

.comment        0x0000000000000000       0x2f
 *(.comment)
 .comment       0x0000000000000000       0x2f main.o
                                         0x30 (size before relaxing)
 .comment       0x000000000000002f       0x30 c:/program files/microchip/xc8/v2.36/avr/bin/../lib/gcc/avr/5.4.0/../../../../avr/lib/avr5/memx-const\libc.a(exit.o)
 .comment       0x000000000000002f       0x30 c:/program files/microchip/xc8/v2.36/avr/bin/../lib/gcc/avr/5.4.0/../../../../avr/lib/avr5/memx-const\libc.a(_Exit.o)

.note.GNU-stack
                0x0000000000000000        0x0
 .note.GNU-stack
                0x0000000000000000        0x0 c:/program files/microchip/xc8/v2.36/avr/bin/../lib/gcc/avr/5.4.0/../../../../avr/lib/avr5/memx-const\libc.a(exit.o)
 .note.GNU-stack
                0x0000000000000000        0x0 c:/program files/microchip/xc8/v2.36/avr/bin/../lib/gcc/avr/5.4.0/../../../../avr/lib/avr5/memx-const\libc.a(_Exit.o)

.stack.descriptors.hdr
                0x0000000000000000        0xe
 .stack.descriptors.hdr
                0x0000000000000000        0xe c:/program files/microchip/xc8/v2.36/avr/bin/../lib/gcc/avr/5.4.0/avr5/memx-const\libgcc.a(_exit.o)

.note.gnu.build-id
 *(.note.gnu.build-id)

.debug
 *(.debug)

.line
 *(.line)

.debug_srcinfo
 *(.debug_srcinfo)

.debug_sfnames
 *(.debug_sfnames)

.debug_aranges  0x0000000000000000      0x108
 *(.debug_aranges)
 .debug_aranges
                0x0000000000000000      0x108 main.o

.debug_pubnames
 *(.debug_pubnames)

.debug_info     0x0000000000000000     0x1cd0
 *(.debug_info .gnu.linkonce.wi.*)
 .debug_info    0x0000000000000000      0x5f4 C:/Program Files (x86)/Atmel/Studio/7.0/Packs/atmel/ATmega_DFP/1.7.374/xc8/avr/lib/avr5/memx-const/crtatmega328p.o
 .debug_info    0x00000000000005f4     0x16dc main.o

.debug_abbrev   0x0000000000000000      0x88f
 *(.debug_abbrev)
 .debug_abbrev  0x0000000000000000      0x5a2 C:/Program Files (x86)/Atmel/Studio/7.0/Packs/atmel/ATmega_DFP/1.7.374/xc8/avr/lib/avr5/memx-const/crtatmega328p.o
 .debug_abbrev  0x00000000000005a2      0x2ed main.o

.debug_line     0x0000000000000000      0xab5
 *(.debug_line .debug_line.* .debug_line_end)
 .debug_line    0x0000000000000000      0x137 C:/Program Files (x86)/Atmel/Studio/7.0/Packs/atmel/ATmega_DFP/1.7.374/xc8/avr/lib/avr5/memx-const/crtatmega328p.o
 .debug_line    0x0000000000000137      0x97e main.o

.debug_frame    0x0000000000000000      0x2f8
 *(.debug_frame)
 .debug_frame   0x0000000000000000      0x2f8 main.o

.debug_str      0x0000000000000000      0x20f
 *(.debug_str)
 .debug_str     0x0000000000000000      0x208 C:/Program Files (x86)/Atmel/Studio/7.0/Packs/atmel/ATmega_DFP/1.7.374/xc8/avr/lib/avr5/memx-const/crtatmega328p.o
 .debug_str     0x0000000000000208        0x7 main.o

.debug_loc      0x0000000000000000      0xeed
 *(.debug_loc)
 .debug_loc     0x0000000000000000      0xeed main.o

.debug_macinfo
 *(.debug_macinfo)

.debug_weaknames
 *(.debug_weaknames)

.debug_funcnames
 *(.debug_funcnames)

.debug_typenames
 *(.debug_typenames)

.debug_varnames
 *(.debug_varnames)

.debug_pubtypes
 *(.debug_pubtypes)

.debug_ranges   0x0000000000000000       0xf8
 *(.debug_ranges)
 .debug_ranges  0x0000000000000000       0xf8 main.o

.debug_macro
 *(.debug_macro)
OUTPUT(main 328.elf elf32-avr)
LOAD linker stubs
LOAD data_init

.note.gnu.avr.deviceinfo
                0x0000000000000000       0x40
 .note.gnu.avr.deviceinfo
                0x0000000000000000       0x40 C:/Program Files (x86)/Atmel/Studio/7.0/Packs/atmel/ATmega_DFP/1.7.374/xc8/avr/lib/avr5/memx-const/crtatmega328p.o

.bss.state      0x000000000080011d        0x1
 .bss.state     0x000000000080011d        0x1 main.o
                0x000000000080011d                state

.progmemx.data  0x00000000000000ce       0x6b
 .progmemx.data
                0x00000000000000ce       0x6b main.o

.text.main      0x000000000000013a      0x202
 .text.main     0x000000000000013a      0x202 main.o
                0x000000000000013a                main

.text.mfrc522_to_card
                0x000000000000033c      0x1fe
 .text.mfrc522_to_card
                0x000000000000033c      0x1fe main.o
                0x000000000000033c                mfrc522_to_card

.text.mfrc522_get_card_serial
                0x000000000000053a       0x78
 .text.mfrc522_get_card_serial
                0x000000000000053a       0x78 main.o
                0x000000000000053a                mfrc522_get_card_serial

.text.mfrc522_request
                0x00000000000005b2       0x6a
 .text.mfrc522_request
                0x00000000000005b2       0x6a main.o
                0x00000000000005b2                mfrc522_request

.text.LCD_Command
                0x000000000000061c       0x50
 .text.LCD_Command
                0x000000000000061c       0x50 main.o
                0x000000000000061c                LCD_Command

.text.LCD_Data  0x000000000000066c       0x50
 .text.LCD_Data
                0x000000000000066c       0x50 main.o
                0x000000000000066c                LCD_Data

.text.CheckCard
                0x00000000000006bc       0x50
 .text.CheckCard
                0x00000000000006bc       0x50 main.o
                0x00000000000006bc                CheckCard

.text.mfrc522_init
                0x000000000000070c       0x4c
 .text.mfrc522_init
                0x000000000000070c       0x4c main.o
                0x000000000000070c                mfrc522_init

.text.TWI_Start
                0x0000000000000758       0x46
 .text.TWI_Start
                0x0000000000000758       0x46 main.o
                0x0000000000000758                TWI_Start

.text.LCD_String
                0x000000000000079e       0x40
 .text.LCD_String
                0x000000000000079e       0x40 main.o
                0x000000000000079e                LCD_String

.text.LCD_Init  0x00000000000007de       0x38
 .text.LCD_Init
                0x00000000000007de       0x38 main.o
                0x00000000000007de                LCD_Init

.text.LCD_SetCursor
                0x0000000000000816       0x36
 .text.LCD_SetCursor
                0x0000000000000816       0x36 main.o
                0x0000000000000816                LCD_SetCursor

.text.mfrc522_write
                0x000000000000084c       0x26
 .text.mfrc522_write
                0x000000000000084c       0x26 main.o
                0x000000000000084c                mfrc522_write

.text.Uart_Tx   0x0000000000000872       0x26
 .text.Uart_Tx  0x0000000000000872       0x26 main.o
                0x0000000000000872                Uart_Tx

.text.mfrc522_read
                0x0000000000000898       0x22
 .text.mfrc522_read
                0x0000000000000898       0x22 main.o
                0x0000000000000898                mfrc522_read

.text.Off_LED   0x00000000000008ba       0x18
 .text.Off_LED  0x00000000000008ba       0x18 main.o
                0x00000000000008ba                Off_LED

.text.Uart_Init
                0x00000000000008d2       0x18
 .text.Uart_Init
                0x00000000000008d2       0x18 main.o
                0x00000000000008d2                Uart_Init

.text.On_LED    0x00000000000008ea       0x16
 .text.On_LED   0x00000000000008ea       0x16 main.o
                0x00000000000008ea                On_LED

.text.exit      0x0000000000000900       0x16
 .text.exit     0x0000000000000900       0x16 c:/program files/microchip/xc8/v2.36/avr/bin/../lib/gcc/avr/5.4.0/../../../../avr/lib/avr5/memx-const\libc.a(exit.o)
                0x0000000000000900                exit

.text.TWI_Write_block
                0x0000000000000916       0x14
 .text.TWI_Write_block
                0x0000000000000916       0x14 main.o
                0x0000000000000916                TWI_Write_block

.text.LCD_Clear
                0x000000000000092a       0x14
 .text.LCD_Clear
                0x000000000000092a       0x14 main.o
                0x000000000000092a                LCD_Clear

.text.GPIO_Init
                0x000000000000093e       0x10
 .text.GPIO_Init
                0x000000000000093e       0x10 main.o
                0x000000000000093e                GPIO_Init

.text.SPI_Init  0x000000000000094e        0xe
 .text.SPI_Init
                0x000000000000094e        0xe main.o
                0x000000000000094e                SPI_Init

.text.TWI_Init  0x000000000000095c        0xc
 .text.TWI_Init
                0x000000000000095c        0xc main.o
                0x000000000000095c                TWI_Init

.text.TWI_Stop  0x0000000000000968        0xc
 .text.TWI_Stop
                0x0000000000000968        0xc main.o
                0x0000000000000968                TWI_Stop

.text.SPI_Transmit
                0x0000000000000974        0xc
 .text.SPI_Transmit
                0x0000000000000974        0xc main.o
                0x0000000000000974                SPI_Transmit

.text.mfrc522_reset
                0x0000000000000980        0xa
 .text.mfrc522_reset
                0x0000000000000980        0xa main.o
                0x0000000000000980                mfrc522_reset

.text           0x000000000000098a        0x4
 .text          0x000000000000098a        0x4 C:/Program Files (x86)/Atmel/Studio/7.0/Packs/atmel/ATmega_DFP/1.7.374/xc8/avr/lib/avr5/memx-const/crtatmega328p.o
                0x000000000000098a                __vector_22
                0x000000000000098a                __vector_1
                0x000000000000098a                __vector_24
                0x000000000000098a                __vector_12
                0x000000000000098a                __bad_interrupt
                0x000000000000098a                __vector_6
                0x000000000000098a                __vector_3
                0x000000000000098a                __vector_23
                0x000000000000098a                __vector_25
                0x000000000000098a                __vector_11
                0x000000000000098a                __vector_13
                0x000000000000098a                __vector_17
                0x000000000000098a                __vector_19
                0x000000000000098a                __vector_7
                0x000000000000098a                __vector_5
                0x000000000000098a                __vector_4
                0x000000000000098a                __vector_9
                0x000000000000098a                __vector_2
                0x000000000000098a                __vector_21
                0x000000000000098a                __vector_15
                0x000000000000098a                __vector_8
                0x000000000000098a                __vector_14
                0x000000000000098a                __vector_10
                0x000000000000098a                __vector_16
                0x000000000000098a                __vector_18
                0x000000000000098a                __vector_20

.text._Exit     0x000000000000098e        0x4
 .text._Exit    0x000000000000098e        0x4 c:/program files/microchip/xc8/v2.36/avr/bin/../lib/gcc/avr/5.4.0/../../../../avr/lib/avr5/memx-const\libc.a(_Exit.o)
                0x000000000000098e                _Exit

.text.__dummy_fini
                0x0000000000000992        0x2
 .text.__dummy_fini
                0x0000000000000992        0x2 c:/program files/microchip/xc8/v2.36/avr/bin/../lib/gcc/avr/5.4.0/../../../../avr/lib/avr5/memx-const\libc.a(exit.o)
                0x0000000000000992                _fini

.text.__dummy_funcs_on_exit
                0x0000000000000994        0x2
 .text.__dummy_funcs_on_exit
                0x0000000000000994        0x2 c:/program files/microchip/xc8/v2.36/avr/bin/../lib/gcc/avr/5.4.0/../../../../avr/lib/avr5/memx-const\libc.a(exit.o)
                0x0000000000000994                __funcs_on_exit

.text.__dummy_simulator_exit
                0x0000000000000996        0x2
 .text.__dummy_simulator_exit
                0x0000000000000996        0x2 c:/program files/microchip/xc8/v2.36/avr/bin/../lib/gcc/avr/5.4.0/../../../../avr/lib/avr5/memx-const\libc.a(exit.o)
                0x0000000000000996                __simulator_exit

.data.RFID_Blue
                0x0000000000800119        0x4 load address 0x0000000000000998
 .data.RFID_Blue
                0x0000000000800119        0x4 main.o
                0x0000000000800119                RFID_Blue
